// Jest Snapshot v1, https://goo.gl/fbAQLP

exports[`should render component correctly 1`] = `
<div>
  <div
    className="container"
  >
    <div
      className="row"
    >
      <div
        className="col-12"
      >
        <div
          className="card mt-5 mb-5"
        >
          <div
            className="card-body"
          >
            <h3
              className="text-center"
            >
              Frequently Asked Questions
            </h3>
            <p
              className="mb-5"
            >
              Lorem ipsum dolor sit amet consectetur adipisicing elit. Nihil quae doloremque molestias repellendus totam minus deleniti omnis consequatur? Alias voluptates, fuga eaque a doloremque architecto vero repudiandae nam similique fugit.
            </p>
            <hr
              className="hr"
            />
            <div
              className="row"
            >
              <div
                className="col-3"
              >
                <div
                  className="row active-faq"
                  onClick={[Function]}
                >
                  <div
                    className="col-5"
                  >
                    <img
                      alt="A Picture in the Faq section"
                      height="100"
                      src="/images/shutterstock-318359918.png"
                      width="100"
                    />
                  </div>
                  <div
                    className="col-7"
                  >
                    <h4
                      className="h4"
                    >
                      Your Order
                    </h4>
                    <p
                      className="faq-p"
                    >
                      Buy things, Track, Delivery time, return.
                    </p>
                  </div>
                </div>
              </div>
              <div
                className="col-3"
              >
                <div
                  className="row active-faq"
                  onClick={[Function]}
                >
                  <div
                    className="col-5"
                  >
                    <img
                      alt="A Picture in the Faq section"
                      height="100"
                      src="/images/shutterstock-318359918.png"
                      width="100"
                    />
                  </div>
                  <div
                    className="col-7"
                  >
                    <h4
                      className="h4"
                    >
                      Managing Account
                    </h4>
                    <p
                      className="faq-p"
                    >
                      Edit login, name, mobile number & delivery address
                    </p>
                  </div>
                </div>
              </div>
              <div
                className="col-3"
              >
                <div
                  className="row active-faq"
                  onClick={[Function]}
                >
                  <div
                    className="col-5"
                  >
                    <img
                      alt="A Picture in the Faq section"
                      height="100"
                      src="/images/shutterstock-318359918.png"
                      width="100"
                    />
                  </div>
                  <div
                    className="col-7"
                  >
                    <h4
                      className="h4"
                    >
                      Payment Options
                    </h4>
                    <p
                      className="faq-p"
                    >
                      Edit shipping address for delivery of orders
                    </p>
                  </div>
                </div>
              </div>
              <div
                className="col-3"
              >
                <div
                  className="row active-faq"
                  onClick={[Function]}
                >
                  <div
                    className="col-5"
                  >
                    <img
                      alt="A Picture in the Faq section"
                      height="100"
                      src="/images/shutterstock-318359918.png"
                      width="100"
                    />
                  </div>
                  <div
                    className="col-7"
                  >
                    <h4
                      className="h4"
                    >
                      Gift Vouchers/Coupon
                    </h4>
                    <p
                      className="faq-p"
                    >
                      Edit shipping address for delivery of orders
                    </p>
                  </div>
                </div>
              </div>
            </div>
            <hr
              className="hr hr-adjust"
            />
            <YourOrder />
          </div>
        </div>
      </div>
    </div>
  </div>
</div>
`;
