// Jest Snapshot v1, https://goo.gl/fbAQLP

exports[`should render component correctly 1`] = `
<nav
  className="navbar navbar-adjust navbar-expand-lg navbar-dark snorkel-blue"
>
  <div
    className="container"
  >
    <div
      className="row"
    >
      <div
        className="auto-auto"
      >
        <div
          className="collapse navbar-collapse"
          id="navbarNav"
        >
          <ul
            className="navbar-nav"
          >
            <li
              className="nav-item"
            >
              <div
                className="nav-link cursor"
              >
                Phones & Tablets
              </div>
            </li>
            <li
              className="nav-item ml-6"
            >
              <div
                className="nav-link cursor"
              >
                Computer & Accessories
              </div>
            </li>
            <li
              className="nav-item ml-6"
            >
              <div
                className="nav-link cursor"
              >
                Electronics
              </div>
            </li>
            <li
              className="nav-item ml-6"
            >
              <div
                className="nav-link cursor"
              >
                Fashion
              </div>
            </li>
            <li
              className="nav-item ml-6"
            >
              <div
                className="nav-link cursor"
              >
                Home & Kitchen
              </div>
            </li>
            <li
              className="nav-item ml-6"
            >
              <div
                className="nav-link cursor"
              >
                Baby, Kids & Toys
              </div>
            </li>
            <li
              className="nav-item ml-6"
            >
              <div
                className="nav-link cursor"
              >
                Wine & Other Categories
              </div>
            </li>
          </ul>
        </div>
      </div>
    </div>
  </div>
</nav>
`;
